// Vitest Snapshot v1, https://vitest.dev/guide/snapshot.html

exports[`Lambda Handler - Session Audit > should respect the limit parameter 1`] = `
{
  "events": [
    {
      "db": "test_shop",
      "host": "10.0.11.127",
      "pid": 21024,
      "port": 46010,
      "raw": "2026-02-04 16:22:39 UTC:10.0.11.127(46010):user@example.com@test_shop:[21024]:STATEMENT:  insert into test (id) values ("1");",
      "statement": "insert into test (id) values ("1");",
      "ts": 1770222159000,
      "type": "STATEMENT",
      "user": "user@example.com",
    },
    {
      "class": "WRITE",
      "cmd": "INSERT",
      "db": "test_shop",
      "host": "10.0.11.127",
      "params": [],
      "pid": 21024,
      "port": 46010,
      "raw": "2026-02-04 16:22:55 UTC:10.0.11.127(46010):user@example.com@test_shop:[21024]:LOG:  AUDIT: SESSION,7,1,WRITE,INSERT,,,insert into test (id) values ('1'),<none>",
      "sid": 7,
      "ssid": 1,
      "stmt": "insert into test (id) values ('1')",
      "ts": 1770222175000,
      "type": "LOG:AUDIT:SESSION",
      "user": "user@example.com",
    },
    {
      "class": "READ",
      "cmd": "SELECT",
      "db": "test_shop",
      "host": "10.0.11.127",
      "params": [],
      "pid": 21024,
      "port": 46010,
      "raw": "2026-02-04 16:22:59 UTC:10.0.11.127(46010):user@example.com@test_shop:[21024]:LOG:  AUDIT: SESSION,8,1,READ,SELECT,,,select * from test limit 2,<none>",
      "sid": 8,
      "ssid": 1,
      "stmt": "select * from test limit 2",
      "ts": 1770222179000,
      "type": "LOG:AUDIT:SESSION",
      "user": "user@example.com",
    },
  ],
  "version": "0.0.1",
}
`;

exports[`Lambda Handler - Session Audit > should return all audit events for user@example.com 1`] = `
{
  "events": [
    {
      "class": "READ",
      "cmd": "SELECT",
      "db": "test_shop",
      "host": "10.0.63.112",
      "params": [
        "user@example.com",
      ],
      "pid": 20194,
      "port": 59466,
      "raw": "2026-02-04 16:03:52 UTC:10.0.63.112(59466):p0accessmanager@test_shop:[20194]:LOG:  AUDIT: SESSION,3,1,READ,SELECT,,,SELECT * FROM pg_roles WHERE rolname = $1,user@example.com",
      "sid": 3,
      "ssid": 1,
      "stmt": "SELECT * FROM pg_roles WHERE rolname = $1",
      "ts": 1770221032000,
      "type": "LOG:AUDIT:SESSION",
      "user": "p0accessmanager",
    },
    {
      "class": "READ",
      "cmd": "SELECT",
      "db": "test_shop",
      "host": "10.0.63.112",
      "params": [
        "user@example.com",
      ],
      "pid": 20194,
      "port": 59466,
      "raw": "2026-02-04 16:04:00 UTC:10.0.63.112(59466):p0accessmanager@test_shop:[20194]:LOG:  AUDIT: SESSION,4,1,READ,SELECT,,,SELECT * FROM pg_roles WHERE rolname = $1,user@example.com",
      "sid": 4,
      "ssid": 1,
      "stmt": "SELECT * FROM pg_roles WHERE rolname = $1",
      "ts": 1770221040000,
      "type": "LOG:AUDIT:SESSION",
      "user": "p0accessmanager",
    },
    {
      "class": "READ",
      "cmd": "SELECT",
      "db": "test_shop",
      "host": "10.0.63.112",
      "params": [
        "user@example.com",
        "shop_reader_full",
        "grant",
      ],
      "pid": 20194,
      "port": 59466,
      "raw": "2026-02-04 16:04:00 UTC:10.0.63.112(59466):p0accessmanager@test_shop:[20194]:LOG:  AUDIT: SESSION,5,1,READ,SELECT,,,"SELECT p0GrantOrRevokeUserAccess($1, $2, $3)","user@example.com,shop_reader_full,grant"",
      "sid": 5,
      "ssid": 1,
      "stmt": "SELECT p0GrantOrRevokeUserAccess($1, $2, $3)",
      "ts": 1770221040000,
      "type": "LOG:AUDIT:SESSION",
      "user": "p0accessmanager",
    },
    {
      "class": "ROLE",
      "cmd": "GRANT ROLE",
      "db": "test_shop",
      "host": "10.0.63.112",
      "params": [],
      "pid": 20194,
      "port": 59466,
      "raw": "2026-02-04 16:04:00 UTC:10.0.63.112(59466):p0accessmanager@test_shop:[20194]:LOG:  AUDIT: SESSION,5,3,ROLE,GRANT ROLE,,,"GRANT shop_reader_full TO ""user@example.com""",<none>",
      "sid": 5,
      "ssid": 3,
      "stmt": "GRANT shop_reader_full TO "user@example.com"",
      "ts": 1770221040000,
      "type": "LOG:AUDIT:SESSION",
      "user": "p0accessmanager",
    },
    {
      "db": "test_shop",
      "host": "10.0.11.127",
      "message": "connection authenticated: identity="user@example.com" method=pam (/rdsdbdata/config/pg_hba.conf:13)",
      "pid": 21024,
      "port": 46010,
      "raw": "2026-02-04 16:19:26 UTC:10.0.11.127(46010):user@example.com@test_shop:[21024]:LOG:  connection authenticated: identity="user@example.com" method=pam (/rdsdbdata/config/pg_hba.conf:13)",
      "ts": 1770221966000,
      "type": "LOG",
      "user": "user@example.com",
    },
    {
      "db": "test_shop",
      "host": "10.0.11.127",
      "message": "connection authorized: user=user@example.com database=test_shop application_name=psql SSL enabled (protocol=TLSv1.3, cipher=TLS_AES_256_GCM_SHA384, bits=256)",
      "pid": 21024,
      "port": 46010,
      "raw": "2026-02-04 16:19:26 UTC:10.0.11.127(46010):user@example.com@test_shop:[21024]:LOG:  connection authorized: user=user@example.com database=test_shop application_name=psql SSL enabled (protocol=TLSv1.3, cipher=TLS_AES_256_GCM_SHA384, bits=256)",
      "ts": 1770221966000,
      "type": "LOG",
      "user": "user@example.com",
    },
    {
      "class": "READ",
      "cmd": "SELECT",
      "db": "test_shop",
      "host": "10.0.11.127",
      "params": [],
      "pid": 21024,
      "port": 46010,
      "raw": "2026-02-04 16:19:50 UTC:10.0.11.127(46010):user@example.com@test_shop:[21024]:LOG:  AUDIT: SESSION,1,1,READ,SELECT,,,"SELECT r.rolname, r.rolsuper, r.rolinherit,
	  r.rolcreaterole, r.rolcreatedb, r.rolcanlogin,
	  r.rolconnlimit, r.rolvaliduntil,
	  ARRAY(SELECT b.rolname
	        FROM pg_catalog.pg_auth_members m
	        JOIN pg_catalog.pg_roles b ON (m.roleid = b.oid)
	        WHERE m.member = r.oid) as memberof
	, r.rolreplication
	, r.rolbypassrls
	FROM pg_catalog.pg_roles r
	WHERE r.rolname !~ '^pg_'
	ORDER BY 1",<none>",
      "sid": 1,
      "ssid": 1,
      "stmt": "SELECT r.rolname, r.rolsuper, r.rolinherit,
	  r.rolcreaterole, r.rolcreatedb, r.rolcanlogin,
	  r.rolconnlimit, r.rolvaliduntil,
	  ARRAY(SELECT b.rolname
	        FROM pg_catalog.pg_auth_members m
	        JOIN pg_catalog.pg_roles b ON (m.roleid = b.oid)
	        WHERE m.member = r.oid) as memberof
	, r.rolreplication
	, r.rolbypassrls
	FROM pg_catalog.pg_roles r
	WHERE r.rolname !~ '^pg_'
	ORDER BY 1",
      "ts": 1770221990000,
      "type": "LOG:AUDIT:SESSION",
      "user": "user@example.com",
    },
    {
      "class": "READ",
      "cmd": "SELECT",
      "db": "test_shop",
      "host": "10.0.11.127",
      "params": [],
      "pid": 21024,
      "port": 46010,
      "raw": "2026-02-04 16:20:58 UTC:10.0.11.127(46010):user@example.com@test_shop:[21024]:LOG:  AUDIT: SESSION,2,1,READ,SELECT,,,"SELECT n.nspname as ""Schema"",
	  c.relname as ""Name"",
	  CASE c.relkind WHEN 'r' THEN 'table' WHEN 'v' THEN 'view' WHEN 'm' THEN 'materialized view' WHEN 'i' THEN 'index' WHEN 'S' THEN 'sequence' WHEN 't' THEN 'TOAST table' WHEN 'f' THEN 'foreign table' WHEN 'p' THEN 'partitioned table' WHEN 'I' THEN 'partitioned index' END as ""Type"",
	  pg_catalog.pg_get_userbyid(c.relowner) as ""Owner""
	FROM pg_catalog.pg_class c
	     LEFT JOIN pg_catalog.pg_namespace n ON n.oid = c.relnamespace
	     LEFT JOIN pg_catalog.pg_am am ON am.oid = c.relam
	WHERE c.relkind IN ('r','p','v','m','S','f','')
	      AND n.nspname <> 'pg_catalog'
	      AND n.nspname !~ '^pg_toast'
	      AND n.nspname <> 'information_schema'
	  AND pg_catalog.pg_table_is_visible(c.oid)
	ORDER BY 1,2",<none>",
      "sid": 2,
      "ssid": 1,
      "stmt": "SELECT n.nspname as "Schema",
	  c.relname as "Name",
	  CASE c.relkind WHEN 'r' THEN 'table' WHEN 'v' THEN 'view' WHEN 'm' THEN 'materialized view' WHEN 'i' THEN 'index' WHEN 'S' THEN 'sequence' WHEN 't' THEN 'TOAST table' WHEN 'f' THEN 'foreign table' WHEN 'p' THEN 'partitioned table' WHEN 'I' THEN 'partitioned index' END as "Type",
	  pg_catalog.pg_get_userbyid(c.relowner) as "Owner"
	FROM pg_catalog.pg_class c
	     LEFT JOIN pg_catalog.pg_namespace n ON n.oid = c.relnamespace
	     LEFT JOIN pg_catalog.pg_am am ON am.oid = c.relam
	WHERE c.relkind IN ('r','p','v','m','S','f','')
	      AND n.nspname <> 'pg_catalog'
	      AND n.nspname !~ '^pg_toast'
	      AND n.nspname <> 'information_schema'
	  AND pg_catalog.pg_table_is_visible(c.oid)
	ORDER BY 1,2",
      "ts": 1770222058000,
      "type": "LOG:AUDIT:SESSION",
      "user": "user@example.com",
    },
    {
      "class": "READ",
      "cmd": "SELECT",
      "db": "test_shop",
      "host": "10.0.11.127",
      "params": [],
      "pid": 21024,
      "port": 46010,
      "raw": "2026-02-04 16:21:07 UTC:10.0.11.127(46010):user@example.com@test_shop:[21024]:LOG:  AUDIT: SESSION,3,1,READ,SELECT,,,select * from suppliers limit 7,<none>",
      "sid": 3,
      "ssid": 1,
      "stmt": "select * from suppliers limit 7",
      "ts": 1770222067000,
      "type": "LOG:AUDIT:SESSION",
      "user": "user@example.com",
    },
    {
      "db": "test_shop",
      "host": "10.0.11.127",
      "message": "relation "orders_items" does not exist at character 15",
      "pid": 21024,
      "port": 46010,
      "raw": "2026-02-04 16:21:17 UTC:10.0.11.127(46010):user@example.com@test_shop:[21024]:ERROR:  relation "orders_items" does not exist at character 15",
      "ts": 1770222077000,
      "type": "ERROR",
      "user": "user@example.com",
    },
    {
      "db": "test_shop",
      "host": "10.0.11.127",
      "pid": 21024,
      "port": 46010,
      "raw": "2026-02-04 16:21:17 UTC:10.0.11.127(46010):user@example.com@test_shop:[21024]:STATEMENT:  select * from orders_items;",
      "statement": "select * from orders_items;",
      "ts": 1770222077000,
      "type": "STATEMENT",
      "user": "user@example.com",
    },
    {
      "db": "test_shop",
      "host": "10.0.11.127",
      "message": "relation "orders_items" does not exist at character 15",
      "pid": 21024,
      "port": 46010,
      "raw": "2026-02-04 16:21:21 UTC:10.0.11.127(46010):user@example.com@test_shop:[21024]:ERROR:  relation "orders_items" does not exist at character 15",
      "ts": 1770222081000,
      "type": "ERROR",
      "user": "user@example.com",
    },
    {
      "db": "test_shop",
      "host": "10.0.11.127",
      "pid": 21024,
      "port": 46010,
      "raw": "2026-02-04 16:21:21 UTC:10.0.11.127(46010):user@example.com@test_shop:[21024]:STATEMENT:  select * from orders_items;",
      "statement": "select * from orders_items;",
      "ts": 1770222081000,
      "type": "STATEMENT",
      "user": "user@example.com",
    },
    {
      "class": "READ",
      "cmd": "SELECT",
      "db": "test_shop",
      "host": "10.0.11.127",
      "params": [],
      "pid": 21024,
      "port": 46010,
      "raw": "2026-02-04 16:21:27 UTC:10.0.11.127(46010):user@example.com@test_shop:[21024]:LOG:  AUDIT: SESSION,4,1,READ,SELECT,,,select * from order_items,<none>",
      "sid": 4,
      "ssid": 1,
      "stmt": "select * from order_items",
      "ts": 1770222087000,
      "type": "LOG:AUDIT:SESSION",
      "user": "user@example.com",
    },
    {
      "class": "READ",
      "cmd": "SELECT",
      "db": "test_shop",
      "host": "10.0.11.127",
      "params": [],
      "pid": 21024,
      "port": 46010,
      "raw": "2026-02-04 16:21:55 UTC:10.0.11.127(46010):user@example.com@test_shop:[21024]:LOG:  AUDIT: SESSION,5,1,READ,SELECT,,,select * from test limit 2,<none>",
      "sid": 5,
      "ssid": 1,
      "stmt": "select * from test limit 2",
      "ts": 1770222115000,
      "type": "LOG:AUDIT:SESSION",
      "user": "user@example.com",
    },
    {
      "class": "READ",
      "cmd": "SELECT",
      "db": "test_shop",
      "host": "10.0.11.127",
      "params": [],
      "pid": 21024,
      "port": 46010,
      "raw": "2026-02-04 16:22:24 UTC:10.0.11.127(46010):user@example.com@test_shop:[21024]:LOG:  AUDIT: SESSION,6,1,READ,SELECT,,,"SELECT column_name, data_type, character_maximum_length, is_nullable, column_default
	FROM information_schema.columns
	WHERE table_name = 'test'",<none>",
      "sid": 6,
      "ssid": 1,
      "stmt": "SELECT column_name, data_type, character_maximum_length, is_nullable, column_default
	FROM information_schema.columns
	WHERE table_name = 'test'",
      "ts": 1770222144000,
      "type": "LOG:AUDIT:SESSION",
      "user": "user@example.com",
    },
    {
      "class": "FUNCTION",
      "cmd": "EXECUTE",
      "db": "test_shop",
      "host": "10.0.11.127",
      "objName": "information_schema._pg_char_max_length",
      "objType": "FUNCTION",
      "params": [],
      "pid": 21024,
      "port": 46010,
      "raw": "2026-02-04 16:22:24 UTC:10.0.11.127(46010):user@example.com@test_shop:[21024]:LOG:  AUDIT: SESSION,6,2,FUNCTION,EXECUTE,FUNCTION,information_schema._pg_char_max_length,"SELECT column_name, data_type, character_maximum_length, is_nullable, column_default
	FROM information_schema.columns
	WHERE table_name = 'test'",<none>",
      "sid": 6,
      "ssid": 2,
      "stmt": "SELECT column_name, data_type, character_maximum_length, is_nullable, column_default
	FROM information_schema.columns
	WHERE table_name = 'test'",
      "ts": 1770222144000,
      "type": "LOG:AUDIT:SESSION",
      "user": "user@example.com",
    },
    {
      "class": "FUNCTION",
      "cmd": "EXECUTE",
      "db": "test_shop",
      "host": "10.0.11.127",
      "objName": "information_schema._pg_truetypid",
      "objType": "FUNCTION",
      "params": [],
      "pid": 21024,
      "port": 46010,
      "raw": "2026-02-04 16:22:24 UTC:10.0.11.127(46010):user@example.com@test_shop:[21024]:LOG:  AUDIT: SESSION,6,3,FUNCTION,EXECUTE,FUNCTION,information_schema._pg_truetypid,"SELECT column_name, data_type, character_maximum_length, is_nullable, column_default
	FROM information_schema.columns
	WHERE table_name = 'test'",<none>",
      "sid": 6,
      "ssid": 3,
      "stmt": "SELECT column_name, data_type, character_maximum_length, is_nullable, column_default
	FROM information_schema.columns
	WHERE table_name = 'test'",
      "ts": 1770222144000,
      "type": "LOG:AUDIT:SESSION",
      "user": "user@example.com",
    },
    {
      "class": "FUNCTION",
      "cmd": "EXECUTE",
      "db": "test_shop",
      "host": "10.0.11.127",
      "objName": "information_schema._pg_truetypmod",
      "objType": "FUNCTION",
      "params": [],
      "pid": 21024,
      "port": 46010,
      "raw": "2026-02-04 16:22:24 UTC:10.0.11.127(46010):user@example.com@test_shop:[21024]:LOG:  AUDIT: SESSION,6,4,FUNCTION,EXECUTE,FUNCTION,information_schema._pg_truetypmod,"SELECT column_name, data_type, character_maximum_length, is_nullable, column_default
	FROM information_schema.columns
	WHERE table_name = 'test'",<none>",
      "sid": 6,
      "ssid": 4,
      "stmt": "SELECT column_name, data_type, character_maximum_length, is_nullable, column_default
	FROM information_schema.columns
	WHERE table_name = 'test'",
      "ts": 1770222144000,
      "type": "LOG:AUDIT:SESSION",
      "user": "user@example.com",
    },
    {
      "class": "READ",
      "cmd": "SELECT",
      "db": "test_shop",
      "host": "10.0.11.127",
      "params": [
        "(16659,id,25,-1,1,-1,-1,0,f,i,x,"",f,f,f,"","",f,t,0,100,,,,,)",
        "(25,text,11,10,-1,f,b,S,t,t,",",0,-,0,1009,textin,textout,textrecv,textsend,-,-,-,i,x,f,0,-1,0,100,,,)",
      ],
      "pid": 21024,
      "port": 46010,
      "raw": "2026-02-04 16:22:24 UTC:10.0.11.127(46010):user@example.com@test_shop:[21024]:LOG:  AUDIT: SESSION,6,5,READ,SELECT,,,,"""(16659,id,25,-1,1,-1,-1,0,f,i,x,"""""""",f,f,f,"""""""","""""""",f,t,0,100,,,,,)"",""(25,text,11,10,-1,f,b,S,t,t,"""","""",0,-,0,1009,textin,textout,textrecv,textsend,-,-,-,i,x,f,0,-1,0,100,,,)"""",
      "sid": 6,
      "ssid": 5,
      "stmt": "",
      "ts": 1770222144000,
      "type": "LOG:AUDIT:SESSION",
      "user": "user@example.com",
    },
    {
      "class": "READ",
      "cmd": "SELECT",
      "db": "test_shop",
      "host": "10.0.11.127",
      "params": [
        "(16659,id,25,-1,1,-1,-1,0,f,i,x,"",f,f,f,"","",f,t,0,100,,,,,)",
        "(25,text,11,10,-1,f,b,S,t,t,",",0,-,0,1009,textin,textout,textrecv,textsend,-,-,-,i,x,f,0,-1,0,100,,,)",
      ],
      "pid": 21024,
      "port": 46010,
      "raw": "2026-02-04 16:22:24 UTC:10.0.11.127(46010):user@example.com@test_shop:[21024]:LOG:  AUDIT: SESSION,6,6,READ,SELECT,,,,"""(16659,id,25,-1,1,-1,-1,0,f,i,x,"""""""",f,f,f,"""""""","""""""",f,t,0,100,,,,,)"",""(25,text,11,10,-1,f,b,S,t,t,"""","""",0,-,0,1009,textin,textout,textrecv,textsend,-,-,-,i,x,f,0,-1,0,100,,,)"""",
      "sid": 6,
      "ssid": 6,
      "stmt": "",
      "ts": 1770222144000,
      "type": "LOG:AUDIT:SESSION",
      "user": "user@example.com",
    },
    {
      "class": "READ",
      "cmd": "SELECT",
      "db": "test_shop",
      "host": "10.0.11.127",
      "params": [
        25,
        -1,
      ],
      "pid": 21024,
      "port": 46010,
      "raw": "2026-02-04 16:22:24 UTC:10.0.11.127(46010):user@example.com@test_shop:[21024]:LOG:  AUDIT: SESSION,6,7,READ,SELECT,,,,"25,-1"",
      "sid": 6,
      "ssid": 7,
      "stmt": "",
      "ts": 1770222144000,
      "type": "LOG:AUDIT:SESSION",
      "user": "user@example.com",
    },
    {
      "db": "test_shop",
      "host": "10.0.11.127",
      "message": "column "1" does not exist at character 31",
      "pid": 21024,
      "port": 46010,
      "raw": "2026-02-04 16:22:39 UTC:10.0.11.127(46010):user@example.com@test_shop:[21024]:ERROR:  column "1" does not exist at character 31",
      "ts": 1770222159000,
      "type": "ERROR",
      "user": "user@example.com",
    },
    {
      "db": "test_shop",
      "host": "10.0.11.127",
      "pid": 21024,
      "port": 46010,
      "raw": "2026-02-04 16:22:39 UTC:10.0.11.127(46010):user@example.com@test_shop:[21024]:STATEMENT:  insert into test (id) values ("1");",
      "statement": "insert into test (id) values ("1");",
      "ts": 1770222159000,
      "type": "STATEMENT",
      "user": "user@example.com",
    },
    {
      "class": "WRITE",
      "cmd": "INSERT",
      "db": "test_shop",
      "host": "10.0.11.127",
      "params": [],
      "pid": 21024,
      "port": 46010,
      "raw": "2026-02-04 16:22:55 UTC:10.0.11.127(46010):user@example.com@test_shop:[21024]:LOG:  AUDIT: SESSION,7,1,WRITE,INSERT,,,insert into test (id) values ('1'),<none>",
      "sid": 7,
      "ssid": 1,
      "stmt": "insert into test (id) values ('1')",
      "ts": 1770222175000,
      "type": "LOG:AUDIT:SESSION",
      "user": "user@example.com",
    },
    {
      "class": "READ",
      "cmd": "SELECT",
      "db": "test_shop",
      "host": "10.0.11.127",
      "params": [],
      "pid": 21024,
      "port": 46010,
      "raw": "2026-02-04 16:22:59 UTC:10.0.11.127(46010):user@example.com@test_shop:[21024]:LOG:  AUDIT: SESSION,8,1,READ,SELECT,,,select * from test limit 2,<none>",
      "sid": 8,
      "ssid": 1,
      "stmt": "select * from test limit 2",
      "ts": 1770222179000,
      "type": "LOG:AUDIT:SESSION",
      "user": "user@example.com",
    },
  ],
  "version": "0.0.1",
}
`;

exports[`Lambda Handler - Session Audit > should return empty events for a user with no audit logs 1`] = `
{
  "events": [],
  "version": "0.0.1",
}
`;
